[35;45m [27C[30;40m   [35m€[30;41m≤≤≤≤≤≤[35;40m€[30m   [29C[35;45m [0m
[31C[35m€[6C€[0m
[3C[35m€€€€€€€€€€€€€€€€€€€€€€€€€€€€€[6C€€€€€€€€€€€€€€€€€€€€€€€€€€€€€€[0m
[3C[35m€[63C€[0m
[3C[35m€[63C€[0m
[3C[35m€[63C€[0m
[3C[35m€[63C€[0m
[3C[35m€[63C€[0m
[3C[35m€[63C€[0m
[3C[35m€[63C€[0m
[3C[35m€[63C€[0m
[3C[35m€[63C€[0m
[3C[35m€[35C€[27C€[0m
[3C[35m€[37C€[25C€[0m
[3C[35m€[39C€[23C€[0m
[3C[35m€[41C€[21C€[0m
[3C[35m€[43C€[19C€[0m
[3C[35m€[45C€[17C€[0m
[3C[35m€[47C€[15C€[0m
[3C[35m€[63C€[0m
[3C[35m€[63C€[0m
[3C[35m€[63C€[0m
[3C[35m€[22C[34m€[40C[35m€[0m
[3C[35m€[63C€[0m
[3C[35m€[21C[34m€[2C€[38C[35m€[0m
[3C[35m€[63C€[0m
[3C[35m€[13C[34m∞ ± ≤ € ﬂ ‹[39C[35m€[0m
[3C[35m€[63C€[0m
[3C[35m€[63C€[0m
[3C[35m€[63C€[0m
[3C[35m€[63C€[0m
[3C[35m€[63C€[0m
[3C[35m€[63C€[0m
[3C[35m€[63C€[0m
[3C[35m€[63C€[0m
[3C[35m€[63C€[0m
[3C[35m€[63C€[0m
[3C[35m€[63C€[0m
[3C[35m€[63C€[0m
[3C[35m€€€€€€€€€€€€€€€€€€€€€€€€€€€€[8C€€€€€€€€€€€€€€€€€€€€€€€€€€€€€[0m
[3C[35m€[27C€[3C€€€€[28C€[0m
 [2C[35m€[13C [13C€[6C€[28C€[2C[30m  [0m
[3C[35m€[26C€[8C€[27C€[0m
[3C[35m€[27C€€[3C€[30C€[0m
[3C[35m€[29C€€€[31C€[0m
[3C[35m€€€€€€€€€€€€€€€€€€€€€€€€€€€€[8C€€€€€€€€€€€€€€€€€€€€€€€€€€€€€[0m
[3C[35m€[27C€[6C€[28C€[0m
[35m€[2C                            €[30;41m≤≤≤≤≤≤[35;40m€                               [1C€[0m
[35m                            [3C         [0m
[35m [30C                                                 [0m[79C[35m [0m




























